
            bind-addr: "logger-service-log.{{.Release.Namespace}}.svc.cluster.local:{{.Values.serfPort}}"
            start-join-addrs: $([ $ID != logger-service-log-0 ] && echo "logger-service-log.{{.Release.Namespace}}.svc.cluster.local:{{.Values.serfPort}}"
            bootstrap: $([ $ID = logger-service-log-0 ] && echo true || echo false )